// Jest Snapshot v1, https://goo.gl/fbAQLP

exports[`Color Component Renders a Color 1`] = `
<dl>
  <dt>
    Name:
  </dt>
  <dd>
    Blue
     
    <div
      style={
        Object {
          "backgroundColor": "#0000FF",
          "display": "inline-block",
          "height": "0.8em",
          "width": "0.8em",
        }
      }
    />
  </dd>
  <dt>
    Hex:
  </dt>
  <dd>
    #0000FF
  </dd>
  <dt>
    RGB:
  </dt>
  <dd>
    <p>
      Red: 
      0
    </p>
    <p>
      Green: 
      0
    </p>
    <p>
      Blue: 
      255
    </p>
  </dd>
</dl>
`;
